// Jest Snapshot v1, https://goo.gl/fbAQLP

exports[`ApplicationPreview renders with props 1`] = `
<div>
  <div />
  <section
    styleName="styles.review-header"
  >
    <div>
      <div
        className="row "
      >
        <div
          className="col-sm-8"
        >
          <h1
            className="au-display-xl"
            styleName="styles.heading"
            tabIndex="-1"
          />
        </div>
      </div>
      <div
        className="row"
      >
        <article
          className="col-xs-12 col-md-8 col-sm-7"
        >
          <div
            className="row"
            styleName="styles.badges-row"
          >
            <div
              styleName="styles.badges"
            />
          </div>
          <div
            styleName="styles.seller-profile-summary"
          >
            <p />
          </div>
          <div
            className="row"
            styleName="styles.meta-row"
          >
            <div
              className="col-xs-12 col-sm-3"
            >
              <h2
                className="au-display-lg"
              >
                Website
              </h2>
            </div>
            <div
              className="col-xs-12 col-sm-8 col-sm-push-1"
            >
              <p>
                <a
                  href={undefined}
                  rel="external"
                  styleName="external-link"
                  target="_blank"
                />
              </p>
            </div>
          </div>
        </article>
      </div>
    </div>
  </section>
  <div
    styleName="styles.seller-profile-container"
  >
    <div
      className="row"
      styleName=""
    >
      <div
        className="col-sm-8 col-xs-12"
      >
        <article
          className="seller-profile"
          styleName=""
        >
          <div
            styleName="seller-profile-content"
          >
            <div
              className="row"
              styleName="styles.row"
            >
              <hr />
              <div
                className="col-sm-3 col-xs-12"
              >
                <h2
                  className="seller-profile__section-title au-display-lg"
                >
                  Categories
                </h2>
              </div>
              <div
                className="col-sm-8 col-sm-push-1 col-xs-12"
              >
                <p>
                  This seller has not yet been approved in any categories.
                </p>
              </div>
            </div>
            <div
              className="row"
              styleName="styles.row"
            >
              <hr />
              <div
                className="col-sm-3 col-xs-12"
              >
                <h2
                  className="seller-profile__section-title au-display-lg"
                >
                  Company Details
                </h2>
              </div>
              <div
                className="col-sm-8 col-sm-push-1 col-xs-12"
              >
                <p
                  styleName="bold-noMargin"
                >
                  Authorised representative
                </p>
                <p>
                  <span />
                  <br />
                </p>
              </div>
            </div>
            <div
              className="row"
              styleName="styles.row"
            >
              <hr />
              <div
                className="col-sm-3 col-xs-12"
              >
                <h2
                  className="seller-profile__section-title au-display-lg"
                >
                  Signed agreement
                </h2>
              </div>
              <div
                className="col-sm-8 col-sm-push-1 col-xs-12"
              />
            </div>
          </div>
        </article>
      </div>
    </div>
  </div>
</div>
`;
