// Jest Snapshot v1, https://goo.gl/fbAQLP

exports[`ApplicationPreview renders with props 1`] = `
<div>
  <div>
    <div
      styleName="callout--info"
    >
      <h3>
        Differences exist in this sellers's application compared to their live profile
      </h3>
      <ul>
        <li>
          Case study 
          <b>
            A user can upload files 
          </b>
           was added
        </li>
        <li>
          Case study 
          <b>
            sdfsdf
          </b>
           was added
        </li>
      </ul>
    </div>
  </div>
  <section
    styleName="styles.review-header"
  >
    <div
      className="row "
    >
      <div
        className="col-sm-8"
      >
        <h1
          styleName="styles.heading"
          tabIndex="-1"
        />
      </div>
    </div>
    <div
      className="row"
    >
      <article
        className="col-xs-12 col-md-8 col-sm-7"
      >
        <div
          className="row"
        >
          <div
            styleName="styles.badges"
          />
        </div>
        <div
          className="seller-profile__summary"
        >
          <p />
        </div>
        <div
          className="row"
          styleName="styles.meta-row"
        >
          <div
            className="col-xs-12 col-sm-3"
          >
            <h4>
              Website
            </h4>
          </div>
          <div
            className="col-xs-12 col-sm-8 col-sm-push-1"
          >
            <p>
              <a
                href={undefined}
                rel="external"
                styleName="external-link"
                target="_blank"
              />
            </p>
          </div>
        </div>
      </article>
    </div>
  </section>
  <div
    className="row"
    styleName=""
  >
    <div
      className="col-sm-8 col-xs-12"
    >
      <article
        className="seller-profile"
        styleName=""
      >
        <div
          className="row"
          styleName="styles.row rowNoMargin"
        >
          <hr />
          <div
            className="col-sm-3 col-xs-12"
          >
            <h4
              className="seller-profile__section-title"
            >
              Case studies
            </h4>
          </div>
          <div
            className="col-sm-8 col-sm-push-1 col-xs-12"
          >
            <ul
              className="list-vertical"
              styleName="case-study-list"
            >
              <li>
                <article>
                  <h3 />
                  <p>
                    dsfsdf
                  </p>
                  <div
                    styleName="badges provides-badges"
                  >
                    <span>
                      User research
                    </span>
                  </div>
                </article>
              </li>
              <li>
                <article>
                  <h3 />
                  <p>
                    fdgfd
                  </p>
                  <div
                    styleName="badges provides-badges"
                  >
                    <span>
                      Architecture
                    </span>
                  </div>
                </article>
              </li>
            </ul>
          </div>
        </div>
        <div
          className="row"
          styleName="styles.row"
        >
          <hr />
          <div
            className="col-sm-3 col-xs-12"
          >
            <h4
              className="seller-profile__section-title"
            >
              Digital products
            </h4>
          </div>
          <div
            className="col-sm-8 col-sm-push-1 col-xs-12"
          >
            <details
              styleName="styles.details"
            >
              <summary>
                <span>
                  Learn more
                </span>
                 
              </summary>
              <div>
                <span
                  styleName="accordionPaddTopp"
                >
                  The products below are not assessed or endorsed by the Digital Marketplace.
                </span>
              </div>
            </details>
            <hr
              styleName="productHr"
            />
            <div>
              <div
                className="col-xs-12"
              >
                <h3
                  styleName="product-heading"
                >
                  <a
                    href="http://www.avoka.com/avoka-transact"
                    rel="external"
                    style={
                      Object {
                        "display": "inline",
                      }
                    }
                    target="_blank"
                  >
                    Avoka Transact for Government
                  </a>
                </h3>
                <p
                  className="freetext"
                >
                  <span>
                    Avoka Transact is a digital business platform used to accelerate customer acquisition and increase business agility in financial services, government, education, field service and other industries. The system serves intelligent applications focused on customer acquisition, onboarding and service, creating a digital alternative to aging PDF or paper forms. 
                    <br />
                  </span>
                </p>
                <p>
                  <a
                    href="http://www.avoka.com/request-a-demo"
                    rel="external"
                    style={
                      Object {
                        "display": "inline",
                      }
                    }
                    target="_blank"
                  >
                    Product pricing
                  </a>
                </p>
                <p>
                  <a
                    href="http://www.avoka.com/contact-us?utm_LSD=ContactUs&utm_OLSD=ContactUs"
                    rel="external"
                    style={
                      Object {
                        "display": "inline",
                      }
                    }
                    target="_blank"
                  >
                    Product support
                  </a>
                </p>
              </div>
            </div>
          </div>
        </div>
        <div
          className="row"
          styleName="styles.row"
        >
          <hr />
          <div
            className="col-sm-3 col-xs-12"
          >
            <h4
              className="seller-profile__section-title"
            >
              Company Details
            </h4>
          </div>
          <div
            className="col-sm-8 col-sm-push-1 col-xs-12"
          >
            <p
              styleName="bold-noMargin"
            >
              Authorised representative
            </p>
            <p>
              <span>
                Example person
              </span>
              <br />
            </p>
            <div>
              <p
                styleName="bold-noMargin"
              >
                ABN
              </p>
              <p>
                <a
                  href="https://abr.business.gov.au/SearchByAbn.aspx?SearchText=133"
                  rel="external"
                  target="_blank"
                >
                  133
                </a>
              </p>
            </div>
          </div>
        </div>
        <div
          className="row"
          styleName="styles.row"
        >
          <hr />
          <div
            className="col-sm-3 col-xs-12"
          >
            <h4
              className="seller-profile__section-title"
            >
              Documents provided to the Marketplace
            </h4>
          </div>
          <div
            className="col-sm-8 col-sm-push-1 col-xs-12"
          >
            <table
              className="content-table"
              styleName="content-table"
            >
              <thead>
                <tr>
                  <th
                    scope="col"
                  >
                    Document
                  </th>
                  <th
                    scope="col"
                  >
                    Expires
                  </th>
                </tr>
              </thead>
              <tbody>
                <tr>
                  <td>
                    Financial Statement
                  </td>
                  <td
                    className="table-align-right"
                  >
                    21/10/2017
                  </td>
                </tr>
                <tr>
                  <td>
                    Public Liability Insurance
                  </td>
                  <td
                    className="table-align-right"
                  >
                    21/10/2017
                  </td>
                </tr>
                <tr>
                  <td>
                    Workers Compensation Insurance
                  </td>
                  <td
                    className="table-align-right"
                  >
                    25/12/2017
                  </td>
                </tr>
              </tbody>
            </table>
            <p
              className="callout"
            >
              The above documents have been provided by the seller. They are available upon request, contact 
              <a
                href="mailto:marketplace@digital.gov.au"
              >
                marketplace@digital.gov.au
              </a>
            </p>
          </div>
        </div>
      </article>
    </div>
  </div>
</div>
`;
