// Jest Snapshot v1, https://goo.gl/fbAQLP

exports[`ApplicationPreview renders with props 1`] = `
<div>
  <div />
  <section
    styleName="styles.review-header"
  >
    <div
      className="row "
    >
      <div
        className="col-sm-8"
      >
        <h1
          styleName="styles.heading"
          tabIndex="-1"
        />
      </div>
    </div>
    <div
      className="row"
    >
      <article
        className="col-xs-12 col-md-8 col-sm-7"
      >
        <div
          className="row"
        >
          <div
            styleName="styles.badges"
          />
        </div>
        <div
          className="seller-profile__summary"
        >
          <p />
        </div>
        <div
          className="row"
          styleName="styles.meta-row"
        >
          <div
            className="col-xs-12 col-sm-3"
          >
            <h2
              styleName="styles.uikit-display-4"
            >
              Website
            </h2>
          </div>
          <div
            className="col-xs-12 col-sm-8 col-sm-push-1"
          >
            <p>
              <a
                href={undefined}
                rel="external"
                styleName="external-link"
                target="_blank"
              />
            </p>
          </div>
        </div>
      </article>
    </div>
  </section>
  <div
    className="row"
    styleName=""
  >
    <div
      className="col-sm-8 col-xs-12"
    >
      <article
        className="seller-profile"
        styleName=""
      >
        <div
          className="row"
          styleName="styles.row"
        >
          <hr />
          <div
            className="col-sm-3 col-xs-12"
          >
            <h2
              className="seller-profile__section-title"
              styleName="styles.uikit-display-4"
            >
              Areas of expertise
            </h2>
          </div>
          <div
            className="col-sm-8 col-sm-push-1 col-xs-12"
          >
            <span>
              <div
                className="seller-profile__evaluated-badges"
                styleName="badges evaluated-badges"
              >
                <p
                  styleName="bold"
                >
                  Assessed for
                </p>
                <span>
                  service2
                   
                </span>
              </div>
              <p>
                <b>
                  Transacts on
                </b>
                <br />
              </p>
            </span>
            <div
              className="seller-profile__provides-badges"
              styleName="badges provides-badges"
            >
              <p>
                <b>
                  Experience in
                </b>
                <br />
                These areas of expertise have not yet been formally assessed by the DTA. They will be assessed once the seller expresses interest in a matching opportunity.
              </p>
              <span>
                0
              </span>
            </div>
          </div>
        </div>
        <div
          className="row"
          styleName="styles.row"
        >
          <hr />
          <div
            className="col-sm-3 col-xs-12"
          >
            <h2
              className="seller-profile__section-title"
              styleName="styles.uikit-display-4"
            >
              Company Details
            </h2>
          </div>
          <div
            className="col-sm-8 col-sm-push-1 col-xs-12"
          >
            <p
              styleName="bold-noMargin"
            >
              Authorised representative
            </p>
            <p>
              <span />
              <br />
            </p>
          </div>
        </div>
        <div
          className="row"
          styleName="styles.row"
        >
          <hr />
          <div
            className="col-sm-3 col-xs-12"
          >
            <h2
              className="seller-profile__section-title"
              styleName="styles.uikit-display-4"
            >
              Signed agreement
            </h2>
          </div>
          <div
            className="col-sm-8 col-sm-push-1 col-xs-12"
          />
        </div>
      </article>
    </div>
  </div>
</div>
`;
