// Jest Snapshot v1, https://goo.gl/fbAQLP

exports[`Test suite for CreateUserPage page Because snaphots 1`] = `
<div
  className="row"
>
  <div
    className="col-sm-push-2 col-sm-8 col-xs-12"
  >
    <article
      role="main"
    >
      <div>
        <div>
          <h1
            className="au-display-xl"
          >
            Add a password
          </h1>
          <p>
            To finish creating your account please provide the following details.
          </p>
        </div>
        <form
          id="createuser"
          onReset={[Function]}
          onSubmit={[Function]}
        >
          <div
            className="field "
          >
            <label
              className="question-heading au-text-input__label"
              htmlFor="password"
              id="password-label"
            >
              Password
            </label>
            <div
              className="au-text-input__hint"
              id="password-hint"
            >
              At least 10 characters
            </div>
            <div
              className="table"
            >
              <input
                aria-describedby="password-hint"
                className="au-text-input au-text-input--block"
                defaultValue=""
                disabled={false}
                id="password"
                max={null}
                maxLength={0}
                min={null}
                minLength={0}
                name="password"
                onChange={[Function]}
                pattern={null}
                placeholder=""
                readOnly={false}
                type="password"
                value=""
              />
            </div>
          </div>
          <label
            className="au-control-input"
            htmlFor="agree"
          >
            <input
              checked={false}
              className="au-control-input__input"
              disabled={false}
              id="agree"
              name="agree"
              onBlur={[Function]}
              onChange={[Function]}
              onClick={[Function]}
              onFocus={[Function]}
              onKeyPress={[Function]}
              type="checkbox"
              value="agree"
            />
            <span
              className="au-control-input__text"
            >
              <span>
                <span>
                  I accept the 
                </span>
                <a
                  href="/terms-of-use"
                  rel="external"
                  target="_blank"
                >
                  Terms of Use
                </a>
              </span>
            </span>
            
          </label>
          <div
            className="formSubmitBtnWrapper"
          >
            <input
              className="au-btn"
              onClick={[Function]}
              type="submit"
              value="Join the Marketplace"
            />
          </div>
        </form>
      </div>
    </article>
  </div>
</div>
`;
