// Jest Snapshot v1, https://goo.gl/fbAQLP

exports[`BuyerDashboard renders without errors 1`] = `
<section>
  <section>
    <article
      styleName="team-view"
    >
      <section
        styleName="team-view-heading"
      >
        <div
          styleName="team-view-teamname"
        >
          Digital Transformation Agency
        </div>
        <div
          styleName="team-view-username"
        >
          <span>
            Matt Smith
            <button
              onClick={[Function]}
              type="button"
            >
              Start a new brief
            </button>
          </span>
        </div>
      </section>
      <article
        className="row"
        styleName="filters"
      >
        <div
          className="row"
        >
          <div
            className="col-xs-12 col-sm-12"
          >
            <a
              href="/buyers/mybriefs"
              onClick={[Function]}
              styleName="active-filter filter"
            >
              My briefs
            </a>
            <a
              href="/buyers/teambriefs"
              onClick={[Function]}
              styleName=" filter"
            >
              Team briefs
            </a>
            <a
              href="/buyers/teamoverview"
              onClick={[Function]}
              styleName=" filter"
            >
              Team overview
            </a>
          </div>
        </div>
        <hr />
      </article>
      <article>
        <div
          styleName="dashboard-main"
        >
          <section>
            <h2>
              Drafts
            </h2>
            <table
              styleName="brief-table summary-item-body"
            >
              <thead
                styleName="summary-item-field-heading"
              >
                <tr>
                  <th
                    styleName="left-header"
                  >
                    Brief Overview
                  </th>
                  <th
                    styleName="center-header"
                  >
                    Created
                  </th>
                  <th
                    styleName="right-header"
                  >
                    Questions left
                  </th>
                </tr>
              </thead>
              <tbody>
                <tr
                  className="summary-item-row"
                >
                  <td
                    styleName="item-field-first-full"
                  >
                    <h5>
                      Brief overview
                    </h5>
                    <a
                      href="/buyers/frameworks/digital-marketplace/requirements/digital-outcome/345"
                    >
                      test outcome
                    </a>
                  </td>
                  <td
                    styleName="item-field-second-left"
                  >
                    <h5>
                      Created
                    </h5>
                    Thursday 6 April 2017
                  </td>
                  <td
                    styleName="item-field-third-right"
                  >
                    <h5>
                      Questions left
                    </h5>
                    <div>
                      17
                       required
                    </div>
                    <div>
                      7
                       optional
                    </div>
                  </td>
                </tr>
              </tbody>
              <tbody>
                <tr
                  className="summary-item-row"
                >
                  <td
                    styleName="item-field-first-full"
                  >
                    <h5>
                      Brief overview
                    </h5>
                    <a
                      href="/buyers/frameworks/digital-service-professionals/requirements/digital-outcome/119"
                    >
                      Matts Brief
                    </a>
                  </td>
                  <td
                    styleName="item-field-second-left"
                  >
                    <h5>
                      Created
                    </h5>
                    Thursday 6 October 2016
                  </td>
                  <td
                    styleName="item-field-third-right"
                  >
                    <h5>
                      Questions left
                    </h5>
                    <div>
                      17
                       required
                    </div>
                    <div>
                      7
                       optional
                    </div>
                  </td>
                </tr>
              </tbody>
            </table>
          </section>
          <section
            styleName="live-brief-container"
          >
            <h2>
              Live briefs
            </h2>
            You don't have any live briefs.
          </section>
          <section>
            <h2>
              Closed briefs
            </h2>
            You don't have any closed briefs.
          </section>
          <div>
            <h3>
              Need a hand?
            </h3>
            <span>
              <a
                href="/buyers-guide"
              >
                Read the buyers guide 
              </a>
              or 
              <a
                href="/contact-us"
                rel="external"
                target="_blank"
              >
                contact us 
              </a>
              - We can help you write your brief.
            </span>
          </div>
        </div>
      </article>
    </article>
  </section>
</section>
`;
