// Jest Snapshot v1, https://goo.gl/fbAQLP

exports[`BuyerDashboard renders without errors 1`] = `
<section>
  <article
    styleName="team-view"
  >
    <section
      styleName="team-view-heading"
    >
      <div
        styleName="team-view-teamname"
      >
        Digital Transformation Agency
      </div>
      <div
        styleName="team-view-username"
      >
        Matt Smith
      </div>
    </section>
    <article
      className="row"
      styleName="filters"
    >
      <div
        className="row"
      >
        <div
          className="col-xs-12 col-sm-12"
        >
          <a
            href="/buyers/mybriefs"
            onClick={[Function]}
            styleName="active-filter filter"
          >
            My briefs
          </a>
          <a
            href="/buyers/teambriefs"
            onClick={[Function]}
            styleName=" filter"
          >
            Team briefs
          </a>
          <a
            href="/buyers/teamoverview"
            onClick={[Function]}
            styleName=" filter"
          >
            Team overview
          </a>
        </div>
      </div>
      <hr />
    </article>
    <article>
      <div
        className="content-main"
      >
        <section>
          <h2>
            Draft briefs
          </h2>
          <table
            className="content-table summary-item-body"
          >
            <thead
              className="summary-item-field-headings-visible"
            >
              <tr>
                <th
                  className="summary-item-field-heading-first"
                >
                  Brief Overview
                </th>
                <th
                  className="summary-item-field-heading"
                >
                  Created
                </th>
                <th
                  className="summary-item-field-heading"
                >
                  Unanswered questions
                </th>
              </tr>
            </thead>
            <tbody>
              <tr
                className="summary-item-row"
              >
                <td
                  className="summary-item-field"
                >
                  <a
                    href="/buyers/frameworks/digital-service-professionals/requirements/digital-outcome/119"
                  >
                    Matts Brief
                  </a>
                </td>
                <td
                  className="summary-item-field"
                >
                  Thursday 4 October 2016
                </td>
                <td
                  className="summary-item-field"
                >
                  <div>
                    17
                     required
                  </div>
                  <div>
                    7
                     optional
                  </div>
                </td>
              </tr>
              <tr
                className="summary-item-row"
              >
                <td
                  className="summary-item-field"
                >
                  <a
                    href="/buyers/frameworks/digital-marketplace/requirements/digital-outcome/345"
                  >
                    test outcome
                  </a>
                </td>
                <td
                  className="summary-item-field"
                >
                  Thursday 4 April 2017
                </td>
                <td
                  className="summary-item-field"
                >
                  <div>
                    17
                     required
                  </div>
                  <div>
                    7
                     optional
                  </div>
                </td>
              </tr>
            </tbody>
          </table>
        </section>
        <div>
          <p>
            <a
              href="/buyers/frameworks/digital-service-professionals/requirements/digital-professionals"
            >
              Create a new opportunity for a digital specialist
            </a>
          </p>
          <p>
            <a
              href="/buyers/frameworks/digital-service-professionals/requirements/digital-outcome/"
            >
              Create a new opportunity for an outcome
            </a>
          </p>
        </div>
        <section>
          <h2>
            Live briefs
          </h2>
          You don't have any live briefs.
        </section>
        <section>
          <h2>
            Closed briefs
          </h2>
          You don't have any closed briefs.
        </section>
        <div>
          <h3>
            Need a hand?
          </h3>
          <span>
            <a
              href="/buyers-guide"
            >
              Read the buyers guide 
            </a>
            or
            <a
              href="mailto:marketplace@digital.gov.au"
            >
               send us an email 
            </a>
            - We can help you write your brief.
          </span>
        </div>
      </div>
    </article>
  </article>
</section>
`;
