// Jest Snapshot v1, https://goo.gl/fbAQLP

exports[`Displays empty message when no responses 1`] = `
ReactWrapper {
  "length": 1,
  Symbol(enzyme.__unrendered__): <SellerDashboard
    items={Array []}
    supplier={
      Object {
        "code": 426,
        "name": "test supplier",
      }
    }
  />,
  Symbol(enzyme.__renderer__): Object {
    "batchedUpdates": [Function],
    "getNode": [Function],
    "render": [Function],
    "simulateEvent": [Function],
    "unmount": [Function],
  },
  Symbol(enzyme.__root__): [Circular],
  Symbol(enzyme.__node__): Object {
    "instance": null,
    "key": undefined,
    "nodeType": "function",
    "props": Object {
      "items": Array [],
      "supplier": Object {
        "code": 426,
        "name": "test supplier",
      },
    },
    "ref": null,
    "rendered": Object {
      "instance": <div
        class="container"
      >
        <article
          role="main"
        >
          <div
            class="header row"
          >
            <div
              class="col-md-12 col-sm-12"
            >
              <div
                class="briefsFilter"
              >
                <ul
                  class="au-link-list au-link-list--inline"
                >
                  <li>
                    <a
                      href="/sellers"
                    >
                      Manage team
                    </a>
                  </li>
                  <li>
                    <a
                      href="/supplier/426"
                    >
                      View profile
                    </a>
                  </li>
                </ul>
              </div>
              <span
                class="au-display-lg lightText"
              >
                test supplier
              </span>
              <h1
                class="au-display-xl"
              >
                Dashboard
              </h1>
              <div>
                You have not applied for any 
                <a
                  href="/digital-marketplace/opportunities?status=live"
                >
                  opportunities
                </a>
                 
                since January 1st 2018.
              </div>
            </div>
          </div>
        </article>
      </div>,
      "key": undefined,
      "nodeType": "host",
      "props": Object {
        "children": <article
          role="main"
        >
          <div
            className="header row"
          >
            <div
              className="col-md-12 col-sm-12"
            >
              <div
                className="briefsFilter"
              >
                <ul
                  className="au-link-list au-link-list--inline"
                >
                  <li>
                    <a
                      href="/sellers"
                    >
                      Manage team
                    </a>
                  </li>
                  <li>
                    <a
                      href="/supplier/426"
                    >
                      View profile
                    </a>
                  </li>
                </ul>
              </div>
              <span
                className="au-display-lg lightText"
              >
                test supplier
              </span>
              <h1
                className="au-display-xl"
              >
                Dashboard
              </h1>
              <div>
                You have not applied for any 
                <a
                  href="/digital-marketplace/opportunities?status=live"
                >
                  opportunities
                </a>
                 
                since January 1st 2018.
              </div>
            </div>
          </div>
        </article>,
        "className": "container",
      },
      "ref": null,
      "rendered": Array [
        Object {
          "instance": <article
            role="main"
          >
            <div
              class="header row"
            >
              <div
                class="col-md-12 col-sm-12"
              >
                <div
                  class="briefsFilter"
                >
                  <ul
                    class="au-link-list au-link-list--inline"
                  >
                    <li>
                      <a
                        href="/sellers"
                      >
                        Manage team
                      </a>
                    </li>
                    <li>
                      <a
                        href="/supplier/426"
                      >
                        View profile
                      </a>
                    </li>
                  </ul>
                </div>
                <span
                  class="au-display-lg lightText"
                >
                  test supplier
                </span>
                <h1
                  class="au-display-xl"
                >
                  Dashboard
                </h1>
                <div>
                  You have not applied for any 
                  <a
                    href="/digital-marketplace/opportunities?status=live"
                  >
                    opportunities
                  </a>
                   
                  since January 1st 2018.
                </div>
              </div>
            </div>
          </article>,
          "key": undefined,
          "nodeType": "host",
          "props": Object {
            "children": Array [
              <div
                className="header row"
              >
                <div
                  className="col-md-12 col-sm-12"
                >
                  <div
                    className="briefsFilter"
                  >
                    <ul
                      className="au-link-list au-link-list--inline"
                    >
                      <li>
                        <a
                          href="/sellers"
                        >
                          Manage team
                        </a>
                      </li>
                      <li>
                        <a
                          href="/supplier/426"
                        >
                          View profile
                        </a>
                      </li>
                    </ul>
                  </div>
                  <span
                    className="au-display-lg lightText"
                  >
                    test supplier
                  </span>
                  <h1
                    className="au-display-xl"
                  >
                    Dashboard
                  </h1>
                  <div>
                    You have not applied for any 
                    <a
                      href="/digital-marketplace/opportunities?status=live"
                    >
                      opportunities
                    </a>
                     
                    since January 1st 2018.
                  </div>
                </div>
              </div>,
              false,
            ],
            "role": "main",
          },
          "ref": null,
          "rendered": Array [
            Object {
              "instance": <div
                class="header row"
              >
                <div
                  class="col-md-12 col-sm-12"
                >
                  <div
                    class="briefsFilter"
                  >
                    <ul
                      class="au-link-list au-link-list--inline"
                    >
                      <li>
                        <a
                          href="/sellers"
                        >
                          Manage team
                        </a>
                      </li>
                      <li>
                        <a
                          href="/supplier/426"
                        >
                          View profile
                        </a>
                      </li>
                    </ul>
                  </div>
                  <span
                    class="au-display-lg lightText"
                  >
                    test supplier
                  </span>
                  <h1
                    class="au-display-xl"
                  >
                    Dashboard
                  </h1>
                  <div>
                    You have not applied for any 
                    <a
                      href="/digital-marketplace/opportunities?status=live"
                    >
                      opportunities
                    </a>
                     
                    since January 1st 2018.
                  </div>
                </div>
              </div>,
              "key": undefined,
              "nodeType": "host",
              "props": Object {
                "children": <div
                  className="col-md-12 col-sm-12"
                >
                  <div
                    className="briefsFilter"
                  >
                    <ul
                      className="au-link-list au-link-list--inline"
                    >
                      <li>
                        <a
                          href="/sellers"
                        >
                          Manage team
                        </a>
                      </li>
                      <li>
                        <a
                          href="/supplier/426"
                        >
                          View profile
                        </a>
                      </li>
                    </ul>
                  </div>
                  <span
                    className="au-display-lg lightText"
                  >
                    test supplier
                  </span>
                  <h1
                    className="au-display-xl"
                  >
                    Dashboard
                  </h1>
                  <div>
                    You have not applied for any 
                    <a
                      href="/digital-marketplace/opportunities?status=live"
                    >
                      opportunities
                    </a>
                     
                    since January 1st 2018.
                  </div>
                </div>,
                "className": "header row",
              },
              "ref": null,
              "rendered": Array [
                Object {
                  "instance": <div
                    class="col-md-12 col-sm-12"
                  >
                    <div
                      class="briefsFilter"
                    >
                      <ul
                        class="au-link-list au-link-list--inline"
                      >
                        <li>
                          <a
                            href="/sellers"
                          >
                            Manage team
                          </a>
                        </li>
                        <li>
                          <a
                            href="/supplier/426"
                          >
                            View profile
                          </a>
                        </li>
                      </ul>
                    </div>
                    <span
                      class="au-display-lg lightText"
                    >
                      test supplier
                    </span>
                    <h1
                      class="au-display-xl"
                    >
                      Dashboard
                    </h1>
                    <div>
                      You have not applied for any 
                      <a
                        href="/digital-marketplace/opportunities?status=live"
                      >
                        opportunities
                      </a>
                       
                      since January 1st 2018.
                    </div>
                  </div>,
                  "key": undefined,
                  "nodeType": "host",
                  "props": Object {
                    "children": Array [
                      <div
                        className="briefsFilter"
                      >
                        <ul
                          className="au-link-list au-link-list--inline"
                        >
                          <li>
                            <a
                              href="/sellers"
                            >
                              Manage team
                            </a>
                          </li>
                          <li>
                            <a
                              href="/supplier/426"
                            >
                              View profile
                            </a>
                          </li>
                        </ul>
                      </div>,
                      <span
                        className="au-display-lg lightText"
                      >
                        test supplier
                      </span>,
                      <h1
                        className="au-display-xl"
                      >
                        Dashboard
                      </h1>,
                      <div>
                        You have not applied for any 
                        <a
                          href="/digital-marketplace/opportunities?status=live"
                        >
                          opportunities
                        </a>
                         
                        since January 1st 2018.
                      </div>,
                    ],
                    "className": "col-md-12 col-sm-12",
                  },
                  "ref": null,
                  "rendered": Array [
                    Object {
                      "instance": <div
                        class="briefsFilter"
                      >
                        <ul
                          class="au-link-list au-link-list--inline"
                        >
                          <li>
                            <a
                              href="/sellers"
                            >
                              Manage team
                            </a>
                          </li>
                          <li>
                            <a
                              href="/supplier/426"
                            >
                              View profile
                            </a>
                          </li>
                        </ul>
                      </div>,
                      "key": undefined,
                      "nodeType": "host",
                      "props": Object {
                        "children": <ul
                          className="au-link-list au-link-list--inline"
                        >
                          <li>
                            <a
                              href="/sellers"
                            >
                              Manage team
                            </a>
                          </li>
                          <li>
                            <a
                              href="/supplier/426"
                            >
                              View profile
                            </a>
                          </li>
                        </ul>,
                        "className": "briefsFilter",
                      },
                      "ref": null,
                      "rendered": Array [
                        Object {
                          "instance": <ul
                            class="au-link-list au-link-list--inline"
                          >
                            <li>
                              <a
                                href="/sellers"
                              >
                                Manage team
                              </a>
                            </li>
                            <li>
                              <a
                                href="/supplier/426"
                              >
                                View profile
                              </a>
                            </li>
                          </ul>,
                          "key": undefined,
                          "nodeType": "host",
                          "props": Object {
                            "children": Array [
                              <li>
                                <a
                                  href="/sellers"
                                >
                                  Manage team
                                </a>
                              </li>,
                              <li>
                                <a
                                  href="/supplier/426"
                                >
                                  View profile
                                </a>
                              </li>,
                            ],
                            "className": "au-link-list au-link-list--inline",
                          },
                          "ref": null,
                          "rendered": Array [
                            Object {
                              "instance": <li>
                                <a
                                  href="/sellers"
                                >
                                  Manage team
                                </a>
                              </li>,
                              "key": undefined,
                              "nodeType": "host",
                              "props": Object {
                                "children": <a
                                  href="/sellers"
                                >
                                  Manage team
                                </a>,
                              },
                              "ref": null,
                              "rendered": Array [
                                Object {
                                  "instance": <a
                                    href="/sellers"
                                  >
                                    Manage team
                                  </a>,
                                  "key": undefined,
                                  "nodeType": "host",
                                  "props": Object {
                                    "children": "Manage team",
                                    "href": "/sellers",
                                  },
                                  "ref": null,
                                  "rendered": Array [
                                    "Manage team",
                                  ],
                                  "type": "a",
                                },
                              ],
                              "type": "li",
                            },
                            Object {
                              "instance": <li>
                                <a
                                  href="/supplier/426"
                                >
                                  View profile
                                </a>
                              </li>,
                              "key": undefined,
                              "nodeType": "host",
                              "props": Object {
                                "children": <a
                                  href="/supplier/426"
                                >
                                  View profile
                                </a>,
                              },
                              "ref": null,
                              "rendered": Array [
                                Object {
                                  "instance": <a
                                    href="/supplier/426"
                                  >
                                    View profile
                                  </a>,
                                  "key": undefined,
                                  "nodeType": "host",
                                  "props": Object {
                                    "children": "View profile",
                                    "href": "/supplier/426",
                                  },
                                  "ref": null,
                                  "rendered": Array [
                                    "View profile",
                                  ],
                                  "type": "a",
                                },
                              ],
                              "type": "li",
                            },
                          ],
                          "type": "ul",
                        },
                      ],
                      "type": "div",
                    },
                    Object {
                      "instance": <span
                        class="au-display-lg lightText"
                      >
                        test supplier
                      </span>,
                      "key": undefined,
                      "nodeType": "host",
                      "props": Object {
                        "children": "test supplier",
                        "className": "au-display-lg lightText",
                      },
                      "ref": null,
                      "rendered": Array [
                        "test supplier",
                      ],
                      "type": "span",
                    },
                    Object {
                      "instance": <h1
                        class="au-display-xl"
                      >
                        Dashboard
                      </h1>,
                      "key": undefined,
                      "nodeType": "host",
                      "props": Object {
                        "children": "Dashboard",
                        "className": "au-display-xl",
                      },
                      "ref": null,
                      "rendered": Array [
                        "Dashboard",
                      ],
                      "type": "h1",
                    },
                    Object {
                      "instance": <div>
                        You have not applied for any 
                        <a
                          href="/digital-marketplace/opportunities?status=live"
                        >
                          opportunities
                        </a>
                         
                        since January 1st 2018.
                      </div>,
                      "key": undefined,
                      "nodeType": "host",
                      "props": Object {
                        "children": Array [
                          "You have not applied for any ",
                          <a
                            href="/digital-marketplace/opportunities?status=live"
                          >
                            opportunities
                          </a>,
                          " ",
                          "since January 1st 2018.",
                        ],
                      },
                      "ref": null,
                      "rendered": Array [
                        "You have not applied for any ",
                        Object {
                          "instance": <a
                            href="/digital-marketplace/opportunities?status=live"
                          >
                            opportunities
                          </a>,
                          "key": undefined,
                          "nodeType": "host",
                          "props": Object {
                            "children": "opportunities",
                            "href": "/digital-marketplace/opportunities?status=live",
                          },
                          "ref": null,
                          "rendered": Array [
                            "opportunities",
                          ],
                          "type": "a",
                        },
                        " ",
                        "since January 1st 2018.",
                      ],
                      "type": "div",
                    },
                  ],
                  "type": "div",
                },
              ],
              "type": "div",
            },
          ],
          "type": "article",
        },
      ],
      "type": "div",
    },
    "type": [Function],
  },
  Symbol(enzyme.__nodes__): Array [
    Object {
      "instance": null,
      "key": undefined,
      "nodeType": "function",
      "props": Object {
        "items": Array [],
        "supplier": Object {
          "code": 426,
          "name": "test supplier",
        },
      },
      "ref": null,
      "rendered": Object {
        "instance": <div
          class="container"
        >
          <article
            role="main"
          >
            <div
              class="header row"
            >
              <div
                class="col-md-12 col-sm-12"
              >
                <div
                  class="briefsFilter"
                >
                  <ul
                    class="au-link-list au-link-list--inline"
                  >
                    <li>
                      <a
                        href="/sellers"
                      >
                        Manage team
                      </a>
                    </li>
                    <li>
                      <a
                        href="/supplier/426"
                      >
                        View profile
                      </a>
                    </li>
                  </ul>
                </div>
                <span
                  class="au-display-lg lightText"
                >
                  test supplier
                </span>
                <h1
                  class="au-display-xl"
                >
                  Dashboard
                </h1>
                <div>
                  You have not applied for any 
                  <a
                    href="/digital-marketplace/opportunities?status=live"
                  >
                    opportunities
                  </a>
                   
                  since January 1st 2018.
                </div>
              </div>
            </div>
          </article>
        </div>,
        "key": undefined,
        "nodeType": "host",
        "props": Object {
          "children": <article
            role="main"
          >
            <div
              className="header row"
            >
              <div
                className="col-md-12 col-sm-12"
              >
                <div
                  className="briefsFilter"
                >
                  <ul
                    className="au-link-list au-link-list--inline"
                  >
                    <li>
                      <a
                        href="/sellers"
                      >
                        Manage team
                      </a>
                    </li>
                    <li>
                      <a
                        href="/supplier/426"
                      >
                        View profile
                      </a>
                    </li>
                  </ul>
                </div>
                <span
                  className="au-display-lg lightText"
                >
                  test supplier
                </span>
                <h1
                  className="au-display-xl"
                >
                  Dashboard
                </h1>
                <div>
                  You have not applied for any 
                  <a
                    href="/digital-marketplace/opportunities?status=live"
                  >
                    opportunities
                  </a>
                   
                  since January 1st 2018.
                </div>
              </div>
            </div>
          </article>,
          "className": "container",
        },
        "ref": null,
        "rendered": Array [
          Object {
            "instance": <article
              role="main"
            >
              <div
                class="header row"
              >
                <div
                  class="col-md-12 col-sm-12"
                >
                  <div
                    class="briefsFilter"
                  >
                    <ul
                      class="au-link-list au-link-list--inline"
                    >
                      <li>
                        <a
                          href="/sellers"
                        >
                          Manage team
                        </a>
                      </li>
                      <li>
                        <a
                          href="/supplier/426"
                        >
                          View profile
                        </a>
                      </li>
                    </ul>
                  </div>
                  <span
                    class="au-display-lg lightText"
                  >
                    test supplier
                  </span>
                  <h1
                    class="au-display-xl"
                  >
                    Dashboard
                  </h1>
                  <div>
                    You have not applied for any 
                    <a
                      href="/digital-marketplace/opportunities?status=live"
                    >
                      opportunities
                    </a>
                     
                    since January 1st 2018.
                  </div>
                </div>
              </div>
            </article>,
            "key": undefined,
            "nodeType": "host",
            "props": Object {
              "children": Array [
                <div
                  className="header row"
                >
                  <div
                    className="col-md-12 col-sm-12"
                  >
                    <div
                      className="briefsFilter"
                    >
                      <ul
                        className="au-link-list au-link-list--inline"
                      >
                        <li>
                          <a
                            href="/sellers"
                          >
                            Manage team
                          </a>
                        </li>
                        <li>
                          <a
                            href="/supplier/426"
                          >
                            View profile
                          </a>
                        </li>
                      </ul>
                    </div>
                    <span
                      className="au-display-lg lightText"
                    >
                      test supplier
                    </span>
                    <h1
                      className="au-display-xl"
                    >
                      Dashboard
                    </h1>
                    <div>
                      You have not applied for any 
                      <a
                        href="/digital-marketplace/opportunities?status=live"
                      >
                        opportunities
                      </a>
                       
                      since January 1st 2018.
                    </div>
                  </div>
                </div>,
                false,
              ],
              "role": "main",
            },
            "ref": null,
            "rendered": Array [
              Object {
                "instance": <div
                  class="header row"
                >
                  <div
                    class="col-md-12 col-sm-12"
                  >
                    <div
                      class="briefsFilter"
                    >
                      <ul
                        class="au-link-list au-link-list--inline"
                      >
                        <li>
                          <a
                            href="/sellers"
                          >
                            Manage team
                          </a>
                        </li>
                        <li>
                          <a
                            href="/supplier/426"
                          >
                            View profile
                          </a>
                        </li>
                      </ul>
                    </div>
                    <span
                      class="au-display-lg lightText"
                    >
                      test supplier
                    </span>
                    <h1
                      class="au-display-xl"
                    >
                      Dashboard
                    </h1>
                    <div>
                      You have not applied for any 
                      <a
                        href="/digital-marketplace/opportunities?status=live"
                      >
                        opportunities
                      </a>
                       
                      since January 1st 2018.
                    </div>
                  </div>
                </div>,
                "key": undefined,
                "nodeType": "host",
                "props": Object {
                  "children": <div
                    className="col-md-12 col-sm-12"
                  >
                    <div
                      className="briefsFilter"
                    >
                      <ul
                        className="au-link-list au-link-list--inline"
                      >
                        <li>
                          <a
                            href="/sellers"
                          >
                            Manage team
                          </a>
                        </li>
                        <li>
                          <a
                            href="/supplier/426"
                          >
                            View profile
                          </a>
                        </li>
                      </ul>
                    </div>
                    <span
                      className="au-display-lg lightText"
                    >
                      test supplier
                    </span>
                    <h1
                      className="au-display-xl"
                    >
                      Dashboard
                    </h1>
                    <div>
                      You have not applied for any 
                      <a
                        href="/digital-marketplace/opportunities?status=live"
                      >
                        opportunities
                      </a>
                       
                      since January 1st 2018.
                    </div>
                  </div>,
                  "className": "header row",
                },
                "ref": null,
                "rendered": Array [
                  Object {
                    "instance": <div
                      class="col-md-12 col-sm-12"
                    >
                      <div
                        class="briefsFilter"
                      >
                        <ul
                          class="au-link-list au-link-list--inline"
                        >
                          <li>
                            <a
                              href="/sellers"
                            >
                              Manage team
                            </a>
                          </li>
                          <li>
                            <a
                              href="/supplier/426"
                            >
                              View profile
                            </a>
                          </li>
                        </ul>
                      </div>
                      <span
                        class="au-display-lg lightText"
                      >
                        test supplier
                      </span>
                      <h1
                        class="au-display-xl"
                      >
                        Dashboard
                      </h1>
                      <div>
                        You have not applied for any 
                        <a
                          href="/digital-marketplace/opportunities?status=live"
                        >
                          opportunities
                        </a>
                         
                        since January 1st 2018.
                      </div>
                    </div>,
                    "key": undefined,
                    "nodeType": "host",
                    "props": Object {
                      "children": Array [
                        <div
                          className="briefsFilter"
                        >
                          <ul
                            className="au-link-list au-link-list--inline"
                          >
                            <li>
                              <a
                                href="/sellers"
                              >
                                Manage team
                              </a>
                            </li>
                            <li>
                              <a
                                href="/supplier/426"
                              >
                                View profile
                              </a>
                            </li>
                          </ul>
                        </div>,
                        <span
                          className="au-display-lg lightText"
                        >
                          test supplier
                        </span>,
                        <h1
                          className="au-display-xl"
                        >
                          Dashboard
                        </h1>,
                        <div>
                          You have not applied for any 
                          <a
                            href="/digital-marketplace/opportunities?status=live"
                          >
                            opportunities
                          </a>
                           
                          since January 1st 2018.
                        </div>,
                      ],
                      "className": "col-md-12 col-sm-12",
                    },
                    "ref": null,
                    "rendered": Array [
                      Object {
                        "instance": <div
                          class="briefsFilter"
                        >
                          <ul
                            class="au-link-list au-link-list--inline"
                          >
                            <li>
                              <a
                                href="/sellers"
                              >
                                Manage team
                              </a>
                            </li>
                            <li>
                              <a
                                href="/supplier/426"
                              >
                                View profile
                              </a>
                            </li>
                          </ul>
                        </div>,
                        "key": undefined,
                        "nodeType": "host",
                        "props": Object {
                          "children": <ul
                            className="au-link-list au-link-list--inline"
                          >
                            <li>
                              <a
                                href="/sellers"
                              >
                                Manage team
                              </a>
                            </li>
                            <li>
                              <a
                                href="/supplier/426"
                              >
                                View profile
                              </a>
                            </li>
                          </ul>,
                          "className": "briefsFilter",
                        },
                        "ref": null,
                        "rendered": Array [
                          Object {
                            "instance": <ul
                              class="au-link-list au-link-list--inline"
                            >
                              <li>
                                <a
                                  href="/sellers"
                                >
                                  Manage team
                                </a>
                              </li>
                              <li>
                                <a
                                  href="/supplier/426"
                                >
                                  View profile
                                </a>
                              </li>
                            </ul>,
                            "key": undefined,
                            "nodeType": "host",
                            "props": Object {
                              "children": Array [
                                <li>
                                  <a
                                    href="/sellers"
                                  >
                                    Manage team
                                  </a>
                                </li>,
                                <li>
                                  <a
                                    href="/supplier/426"
                                  >
                                    View profile
                                  </a>
                                </li>,
                              ],
                              "className": "au-link-list au-link-list--inline",
                            },
                            "ref": null,
                            "rendered": Array [
                              Object {
                                "instance": <li>
                                  <a
                                    href="/sellers"
                                  >
                                    Manage team
                                  </a>
                                </li>,
                                "key": undefined,
                                "nodeType": "host",
                                "props": Object {
                                  "children": <a
                                    href="/sellers"
                                  >
                                    Manage team
                                  </a>,
                                },
                                "ref": null,
                                "rendered": Array [
                                  Object {
                                    "instance": <a
                                      href="/sellers"
                                    >
                                      Manage team
                                    </a>,
                                    "key": undefined,
                                    "nodeType": "host",
                                    "props": Object {
                                      "children": "Manage team",
                                      "href": "/sellers",
                                    },
                                    "ref": null,
                                    "rendered": Array [
                                      "Manage team",
                                    ],
                                    "type": "a",
                                  },
                                ],
                                "type": "li",
                              },
                              Object {
                                "instance": <li>
                                  <a
                                    href="/supplier/426"
                                  >
                                    View profile
                                  </a>
                                </li>,
                                "key": undefined,
                                "nodeType": "host",
                                "props": Object {
                                  "children": <a
                                    href="/supplier/426"
                                  >
                                    View profile
                                  </a>,
                                },
                                "ref": null,
                                "rendered": Array [
                                  Object {
                                    "instance": <a
                                      href="/supplier/426"
                                    >
                                      View profile
                                    </a>,
                                    "key": undefined,
                                    "nodeType": "host",
                                    "props": Object {
                                      "children": "View profile",
                                      "href": "/supplier/426",
                                    },
                                    "ref": null,
                                    "rendered": Array [
                                      "View profile",
                                    ],
                                    "type": "a",
                                  },
                                ],
                                "type": "li",
                              },
                            ],
                            "type": "ul",
                          },
                        ],
                        "type": "div",
                      },
                      Object {
                        "instance": <span
                          class="au-display-lg lightText"
                        >
                          test supplier
                        </span>,
                        "key": undefined,
                        "nodeType": "host",
                        "props": Object {
                          "children": "test supplier",
                          "className": "au-display-lg lightText",
                        },
                        "ref": null,
                        "rendered": Array [
                          "test supplier",
                        ],
                        "type": "span",
                      },
                      Object {
                        "instance": <h1
                          class="au-display-xl"
                        >
                          Dashboard
                        </h1>,
                        "key": undefined,
                        "nodeType": "host",
                        "props": Object {
                          "children": "Dashboard",
                          "className": "au-display-xl",
                        },
                        "ref": null,
                        "rendered": Array [
                          "Dashboard",
                        ],
                        "type": "h1",
                      },
                      Object {
                        "instance": <div>
                          You have not applied for any 
                          <a
                            href="/digital-marketplace/opportunities?status=live"
                          >
                            opportunities
                          </a>
                           
                          since January 1st 2018.
                        </div>,
                        "key": undefined,
                        "nodeType": "host",
                        "props": Object {
                          "children": Array [
                            "You have not applied for any ",
                            <a
                              href="/digital-marketplace/opportunities?status=live"
                            >
                              opportunities
                            </a>,
                            " ",
                            "since January 1st 2018.",
                          ],
                        },
                        "ref": null,
                        "rendered": Array [
                          "You have not applied for any ",
                          Object {
                            "instance": <a
                              href="/digital-marketplace/opportunities?status=live"
                            >
                              opportunities
                            </a>,
                            "key": undefined,
                            "nodeType": "host",
                            "props": Object {
                              "children": "opportunities",
                              "href": "/digital-marketplace/opportunities?status=live",
                            },
                            "ref": null,
                            "rendered": Array [
                              "opportunities",
                            ],
                            "type": "a",
                          },
                          " ",
                          "since January 1st 2018.",
                        ],
                        "type": "div",
                      },
                    ],
                    "type": "div",
                  },
                ],
                "type": "div",
              },
            ],
            "type": "article",
          },
        ],
        "type": "div",
      },
      "type": [Function],
    },
  ],
  Symbol(enzyme.__options__): Object {
    "adapter": ReactSixteenAdapter {
      "options": Object {
        "enableComponentDidUpdateOnSetState": true,
      },
    },
  },
}
`;
