exports[`test BusinessDetailsWidget renders correctly 1`] = `
<div
  className="row">
  <div
    className="col-sm-push-2 col-sm-8 col-xs-12">
    <div
      className="layout">
      <header>
        <h1
          tabIndex="-1">
          Business details
        </h1>
      </header>
      <article
        role="main">
        <form
          action={undefined}
          id="BusinessDetails__create"
          method="post"
          onReset={[Function]}
          onSubmit={[Function]}>
          <div>
            <div
              className="field">
              <label
                className="question-heading"
                htmlFor="name">
                Business Name
              </label>
              <p
                className="hint"
                id="name-hint">
                As you would like it shown on the Marketplace
              </p>
              <input
                aria-describedby="name-hint"
                className=""
                id="name"
                name="name"
                onBlur={[Function]}
                onChange={[Function]}
                onFocus={[Function]}
                onKeyPress={[Function]}
                pattern={undefined}
                type="text"
                value="" />
            </div>
            <div
              className="field">
              <label
                className="question-heading"
                htmlFor="abn">
                ABN
              </label>
              <input
                aria-describedby={undefined}
                className=""
                id="abn"
                name="abn"
                onBlur={[Function]}
                onChange={[Function]}
                onFocus={[Function]}
                onKeyPress={[Function]}
                pattern={undefined}
                type="text"
                value="" />
            </div>
          </div>
          <div
            className="field">
            <label
              className="question-heading"
              htmlFor="summary">
              Summary
            </label>
            <p
              className="hint"
              id="summary-hint">
              3-4 sentences that describe your business.
            </p>
            <div>
              <textarea
                aria-describedby="summary-hint"
                className="under-50"
                defaultValue=""
                id="summary"
                name="summary"
                onBlur={[Function]}
                onChange={[Function]}
                onFocus={[Function]} />
              <span
                className="word-count-counter">
                50 words remaining
              </span>
            </div>
          </div>
          <div
            className="field">
            <label
              className="question-heading"
              htmlFor="website">
              Website URL
            </label>
            <input
              aria-describedby={undefined}
              className=""
              id="website"
              name="website"
              onBlur={[Function]}
              onChange={[Function]}
              onFocus={[Function]}
              onKeyPress={[Function]}
              pattern={undefined}
              type="text"
              value="" />
          </div>
          <div
            className="field">
            <label
              className="question-heading"
              htmlFor="linkedin">
              LinkedIn URL (optional)
            </label>
            <input
              aria-describedby={undefined}
              className=""
              id="linkedin"
              name="linkedin"
              onBlur={[Function]}
              onChange={[Function]}
              onFocus={[Function]}
              onKeyPress={[Function]}
              pattern={undefined}
              type="text"
              value="" />
          </div>
          <div
            className="field">
            <label
              className="question-heading"
              htmlFor="address_line">
              Address
            </label>
            <input
              aria-describedby={undefined}
              className=""
              id="address_line"
              name="address.address_line"
              onBlur={[Function]}
              onChange={[Function]}
              onFocus={[Function]}
              onKeyPress={[Function]}
              pattern={undefined}
              type="text"
              value="" />
          </div>
          <div
            className="field">
            <label
              className="question-heading"
              htmlFor="suburb">
              Suburb
            </label>
            <input
              aria-describedby={undefined}
              className=""
              id="suburb"
              name="address.suburb"
              onBlur={[Function]}
              onChange={[Function]}
              onFocus={[Function]}
              onKeyPress={[Function]}
              pattern={undefined}
              type="text"
              value="" />
          </div>
          <div
            className="field">
            <label
              className="question-heading"
              htmlFor="state">
              State
            </label>
            <input
              aria-describedby={undefined}
              className=""
              id="state"
              name="address.state"
              onBlur={[Function]}
              onChange={[Function]}
              onFocus={[Function]}
              onKeyPress={[Function]}
              pattern={undefined}
              type="text"
              value="" />
          </div>
          <div
            className="field">
            <label
              className="question-heading"
              htmlFor="postal_code">
              Postcode
            </label>
            <input
              aria-describedby={undefined}
              className=""
              id="postal_code"
              name="address.postal_code"
              onBlur={[Function]}
              onChange={[Function]}
              onFocus={[Function]}
              onKeyPress={[Function]}
              pattern="[0-9]{4}"
              type="text"
              value="" />
          </div>
          <input
            checked={false}
            id="interstate"
            name="interstate"
            onBlur={[Function]}
            onChange={[Function]}
            onFocus={[Function]}
            onKeyPress={[Function]}
            type="checkbox" />
          <label
            htmlFor="interstate">
            Able to work interstate
          </label>
          <input
            role="button"
            type="submit"
            value="Update profile" />
        </form>
      </article>
    </div>
  </div>
</div>
`;
