exports[`test Structure of CaseStudyAdd 1`] = `
<form
  onSubmit={[Function]}>
  <fieldset>
    <legend>
      Add a Case Study
    </legend>
    <div>
      <label
        htmlFor="casestudy__title">
        Title
      </label>
      <input
        id="casestudy__title"
        name="title"
        type="text" />
    </div>
    <div>
      <label
        htmlFor="casestudy__link">
        Links
      </label>
      <input
        id="casestudy__link"
        name="link"
        type="text" />
    </div>
    <input
      role="button"
      type="submit"
      value="Add" />
  </fieldset>
</form>
`;
