// Jest Snapshot v1, https://goo.gl/fbAQLP

exports[`RejectedNotificationForm with required attributes 1`] = `
<form>
  <label
    htmlFor="formHeading"
  >
    <h3>
      Reject domain assessment with optional email to seller
    </h3>
    <p>
      The email will begin with:
    </p>
    <p>
      <pre>
        Thanks for your interest in 
        <em>
          opportunity name
        </em>
         which was posted on the Digital Marketplace, and for requesting assessment. We've now reviewed your case study against our assessment criteria for 
        <em>
          domain name
        </em>
        .
      </pre>
    </p>
    <b>
      Then the following text will be used:
    </b>
    <textarea
      onChange={[Function]}
      value="Unfortunately your case study does not meet our requirements as XXXX."
    />
    <b>
      Followed by:
    </b>
    <p>
      <pre>
        This means that you will not be able to respond to this opportunity or others in the 
        <em>
          domain name
        </em>
         area. If you want to provide this service through the marketplace in the future, you will need to be assessed again. Therefore, please update your current case study, or remove it and replace it with a more comprehensive case study. You can then request assessment again for a future opportunity. Please note that we will not reassess a case study for this particular opportunity. We strongly recommend you read our support guides before updating your case study, to understand the process and what is required: - create a compelling case study to showcase your digital expertise - understand the assessment criteria for each digital service - see the range of digital areas of expertise in the marketplace - read the useful Seller guide and FAQs to find out more Thanks, The Digital Marketplace team
      </pre>
    </p>
  </label>
  <div
    styleName="form-button-group"
  >
    <div
      styleName="form-button-wrapper"
    >
      <button
        onClick={[Function]}
        style={
          Object {
            "width": "220px",
          }
        }
        type="button"
      >
        Reject & Send Email
      </button>
    </div>
    <div
      styleName="form-button-wrapper"
    >
      <button
        onClick={[Function]}
        style={
          Object {
            "width": "250px",
          }
        }
        type="button"
      >
        Reject Without Email
      </button>
    </div>
  </div>
  <a
    className="button"
    onClick={[Function]}
    onKeyUp={[Function]}
    styleName="close-modal-prompt"
    tabIndex="0"
  >
    close
  </a>
</form>
`;
