// Jest Snapshot v1, https://goo.gl/fbAQLP

exports[`DomainAssessmentChoice renders 1`] = `
<div
  className="layout"
>
  <header>
    <h1>
      Choose Assessment Domain
    </h1>
  </header>
  <article
    role="main"
  >
    <p>
      Before you apply for this opportunity, we need to assess one area of expertise. Please choose from the below areas. If you wish to add a different area of expertise, you will need to update your seller profile.
    </p>
    <form
      action={undefined}
      onReset={[Function]}
      onSubmit={[Function]}
      storeSubscription={
        Subscription {
          "listeners": Object {
            "clear": [Function],
            "notify": [Function],
            "subscribe": [Function],
          },
          "onStateChange": [Function],
          "parentSub": undefined,
          "store": Object {
            "dispatch": [Function],
            "getState": [Function],
            "replaceReducer": [Function],
            "subscribe": [Function],
            Symbol(Symbol.observable): [Function],
          },
          "unsubscribe": [Function],
        }
      }
    >
      <fieldset
        className="field"
      >
        <legend>
           Please choose from the below areas.
        </legend>
        <div
          id="domain"
          storeSubscription={
            Subscription {
              "listeners": Object {
                "clear": [Function],
                "notify": [Function],
                "subscribe": [Function],
              },
              "onStateChange": [Function],
              "parentSub": undefined,
              "store": Object {
                "dispatch": [Function],
                "getState": [Function],
                "replaceReducer": [Function],
                "subscribe": [Function],
                Symbol(Symbol.observable): [Function],
              },
              "unsubscribe": [Function],
            }
          }
        >
          <span>
            <input
              checked={false}
              disabled={false}
              id="domain-1"
              name="local.domain"
              onBlur={[Function]}
              onChange={[Function]}
              onFocus={[Function]}
              onKeyPress={[Function]}
              type="radio"
              value="1"
            />
            <label
              htmlFor="domain-1"
            >
              Strategy and Policy
            </label>
          </span>
          <span>
            <input
              checked={false}
              disabled={false}
              id="domain-13"
              name="local.domain"
              onBlur={[Function]}
              onChange={[Function]}
              onFocus={[Function]}
              onKeyPress={[Function]}
              type="radio"
              value="13"
            />
            <label
              htmlFor="domain-13"
            >
              Emerging technologies
            </label>
          </span>
        </div>
      </fieldset>
      <button
        type="submit"
      >
        Submit
      </button>
    </form>
  </article>
</div>
`;
