exports[`test DomainSelector renders 1`] = `
<div
  className="layout">
  <header>
    <h1>
      Digital Services
    </h1>
    <p>
      You will need to provide a day rate and case study for each.
    </p>
  </header>
  <article
    role="main">
    <form
      action={undefined}
      id="DomainSelector__create"
      method="post"
      onReset={[Function]}
      onSubmit={[Function]}>
      <input
        id="csrf_token"
        name="csrf_token"
        type="hidden"
        value="abc" />
      <fieldset
        className="field">
        <legend
          id="services"
          tabIndex={-1}>
          User research & design
        </legend>
        <div>
          <input
            checked={false}
            id="user-research"
            name="user-research"
            onBlur={[Function]}
            onChange={[Function]}
            onFocus={[Function]}
            onKeyPress={[Function]}
            type="checkbox"
            value="User research" />
          <label
            htmlFor="user-research">
            User research
          </label>
        </div>
        <div>
          <input
            checked={false}
            id="interaction-design"
            name="interaction-design"
            onBlur={[Function]}
            onChange={[Function]}
            onFocus={[Function]}
            onKeyPress={[Function]}
            type="checkbox"
            value="Interaction design" />
          <label
            htmlFor="interaction-design">
            Interaction design
          </label>
        </div>
        <div>
          <input
            checked={false}
            id="inclusive-design-accessibility-disabilty-minority-groups"
            name="inclusive-design-accessibility-disabilty-minority-groups"
            onBlur={[Function]}
            onChange={[Function]}
            onFocus={[Function]}
            onKeyPress={[Function]}
            type="checkbox"
            value="Inclusive design (Accessibility, disabilty & minority groups)" />
          <label
            htmlFor="inclusive-design-accessibility-disabilty-minority-groups">
            Inclusive design (Accessibility, disabilty & minority groups)
          </label>
        </div>
        <div>
          <input
            checked={false}
            id="service-design"
            name="service-design"
            onBlur={[Function]}
            onChange={[Function]}
            onFocus={[Function]}
            onKeyPress={[Function]}
            type="checkbox"
            value="Service design" />
          <label
            htmlFor="service-design">
            Service design
          </label>
        </div>
      </fieldset>
      <fieldset
        className="field">
        <legend>
          Content & publishing
        </legend>
        <div>
          <input
            checked={false}
            id="content-development-copywriting-translation-illustration-photography-video-and-animation"
            name="content-development-copywriting-translation-illustration-photography-video-and-animation"
            onBlur={[Function]}
            onChange={[Function]}
            onFocus={[Function]}
            onKeyPress={[Function]}
            type="checkbox"
            value="Content development (copywriting, translation, illustration, photography, video and animation)" />
          <label
            htmlFor="content-development-copywriting-translation-illustration-photography-video-and-animation">
            Content development (copywriting, translation, illustration, photography, video and animation)
          </label>
        </div>
      </fieldset>
      <fieldset
        className="field">
        <legend>
          Marketing, comms & engagement
        </legend>
        <div>
          <input
            checked={false}
            id="digital-marketing-eg-seo-branding-marketing-automation"
            name="digital-marketing-eg-seo-branding-marketing-automation"
            onBlur={[Function]}
            onChange={[Function]}
            onFocus={[Function]}
            onKeyPress={[Function]}
            type="checkbox"
            value="Digital marketing (eg SEO, branding & marketing automation)" />
          <label
            htmlFor="digital-marketing-eg-seo-branding-marketing-automation">
            Digital marketing (eg SEO, branding & marketing automation)
          </label>
        </div>
        <div>
          <input
            checked={false}
            id="community-engagement-eg-social-media-events"
            name="community-engagement-eg-social-media-events"
            onBlur={[Function]}
            onChange={[Function]}
            onFocus={[Function]}
            onKeyPress={[Function]}
            type="checkbox"
            value="Community engagement (eg social media & events)" />
          <label
            htmlFor="community-engagement-eg-social-media-events">
            Community engagement (eg social media & events)
          </label>
        </div>
      </fieldset>
      <fieldset
        className="field">
        <legend>
          Engineering & Development
        </legend>
        <div>
          <input
            checked={false}
            id="architecture"
            name="architecture"
            onBlur={[Function]}
            onChange={[Function]}
            onFocus={[Function]}
            onKeyPress={[Function]}
            type="checkbox"
            value="Architecture" />
          <label
            htmlFor="architecture">
            Architecture
          </label>
        </div>
        <div>
          <input
            checked={false}
            id="technical-leadership"
            name="technical-leadership"
            onBlur={[Function]}
            onChange={[Function]}
            onFocus={[Function]}
            onKeyPress={[Function]}
            type="checkbox"
            value="Technical leadership" />
          <label
            htmlFor="technical-leadership">
            Technical leadership
          </label>
        </div>
        <div>
          <input
            checked={false}
            id="web-devops-engineering"
            name="web-devops-engineering"
            onBlur={[Function]}
            onChange={[Function]}
            onFocus={[Function]}
            onKeyPress={[Function]}
            type="checkbox"
            value="Web Devops Engineering" />
          <label
            htmlFor="web-devops-engineering">
            Web Devops Engineering
          </label>
        </div>
        <div>
          <input
            checked={false}
            id="development"
            name="development"
            onBlur={[Function]}
            onChange={[Function]}
            onFocus={[Function]}
            onKeyPress={[Function]}
            type="checkbox"
            value="Development" />
          <label
            htmlFor="development">
            Development
          </label>
        </div>
        <div>
          <input
            checked={false}
            id="quality-assurance"
            name="quality-assurance"
            onBlur={[Function]}
            onChange={[Function]}
            onFocus={[Function]}
            onKeyPress={[Function]}
            type="checkbox"
            value="Quality Assurance" />
          <label
            htmlFor="quality-assurance">
            Quality Assurance
          </label>
        </div>
      </fieldset>
      <fieldset
        className="field">
        <legend>
          Emerging technology
        </legend>
        <div>
          <input
            checked={false}
            id="emerging-technology"
            name="emerging-technology"
            onBlur={[Function]}
            onChange={[Function]}
            onFocus={[Function]}
            onKeyPress={[Function]}
            type="checkbox"
            value="Emerging technology" />
          <label
            htmlFor="emerging-technology">
            Emerging technology
          </label>
        </div>
      </fieldset>
      <fieldset
        className="field">
        <legend>
          Data & Analytics
        </legend>
        <div>
          <input
            checked={false}
            id="data-science"
            name="data-science"
            onBlur={[Function]}
            onChange={[Function]}
            onFocus={[Function]}
            onKeyPress={[Function]}
            type="checkbox"
            value="Data science" />
          <label
            htmlFor="data-science">
            Data science
          </label>
        </div>
        <div>
          <input
            checked={false}
            id="performance-web-analysis"
            name="performance-web-analysis"
            onBlur={[Function]}
            onChange={[Function]}
            onFocus={[Function]}
            onKeyPress={[Function]}
            type="checkbox"
            value="Performance & web analysis" />
          <label
            htmlFor="performance-web-analysis">
            Performance & web analysis
          </label>
        </div>
      </fieldset>
      <fieldset
        className="field">
        <legend>
          Cyber security
        </legend>
        <div>
          <input
            checked={false}
            id="ethical-hacker"
            name="ethical-hacker"
            onBlur={[Function]}
            onChange={[Function]}
            onFocus={[Function]}
            onKeyPress={[Function]}
            type="checkbox"
            value="Ethical Hacker" />
          <label
            htmlFor="ethical-hacker">
            Ethical Hacker
          </label>
        </div>
      </fieldset>
      <fieldset
        className="field">
        <legend>
          Strategy, delivery & governance
        </legend>
        <div>
          <input
            checked={false}
            id="business-analysis"
            name="business-analysis"
            onBlur={[Function]}
            onChange={[Function]}
            onFocus={[Function]}
            onKeyPress={[Function]}
            type="checkbox"
            value="Business analysis" />
          <label
            htmlFor="business-analysis">
            Business analysis
          </label>
        </div>
        <div>
          <input
            checked={false}
            id="product-management"
            name="product-management"
            onBlur={[Function]}
            onChange={[Function]}
            onFocus={[Function]}
            onKeyPress={[Function]}
            type="checkbox"
            value="Product management" />
          <label
            htmlFor="product-management">
            Product management
          </label>
        </div>
        <div>
          <input
            checked={false}
            id="delivery-management"
            name="delivery-management"
            onBlur={[Function]}
            onChange={[Function]}
            onFocus={[Function]}
            onKeyPress={[Function]}
            type="checkbox"
            value="Delivery management" />
          <label
            htmlFor="delivery-management">
            Delivery management
          </label>
        </div>
      </fieldset>
      <fieldset
        className="field">
        <legend>
          Operations
        </legend>
        <div>
          <input
            checked={false}
            id="business-operations"
            name="business-operations"
            onBlur={[Function]}
            onChange={[Function]}
            onFocus={[Function]}
            onKeyPress={[Function]}
            type="checkbox"
            value="Business operations" />
          <label
            htmlFor="business-operations">
            Business operations
          </label>
        </div>
        <div>
          <input
            checked={false}
            id="tech-support"
            name="tech-support"
            onBlur={[Function]}
            onChange={[Function]}
            onFocus={[Function]}
            onKeyPress={[Function]}
            type="checkbox"
            value="Tech support" />
          <label
            htmlFor="tech-support">
            Tech support
          </label>
        </div>
      </fieldset>
      <fieldset
        className="field">
        <legend>
          Change & transformation
        </legend>
        <div>
          <input
            checked={false}
            id="digital-transformation-advice"
            name="digital-transformation-advice"
            onBlur={[Function]}
            onChange={[Function]}
            onFocus={[Function]}
            onKeyPress={[Function]}
            type="checkbox"
            value="Digital Transformation Advice" />
          <label
            htmlFor="digital-transformation-advice">
            Digital Transformation Advice
          </label>
        </div>
        <div>
          <input
            checked={false}
            id="agile-coaching"
            name="agile-coaching"
            onBlur={[Function]}
            onChange={[Function]}
            onFocus={[Function]}
            onKeyPress={[Function]}
            type="checkbox"
            value="Agile coaching" />
          <label
            htmlFor="agile-coaching">
            Agile coaching
          </label>
        </div>
      </fieldset>
      <fieldset
        className="field">
        <legend>
          Legal & Policy
        </legend>
        <div>
          <input
            checked={false}
            id="legal-counsel"
            name="legal-counsel"
            onBlur={[Function]}
            onChange={[Function]}
            onFocus={[Function]}
            onKeyPress={[Function]}
            type="checkbox"
            value="Legal counsel" />
          <label
            htmlFor="legal-counsel">
            Legal counsel
          </label>
        </div>
      </fieldset>
      <input
        role="button"
        type="submit"
        value="Save &amp; Continue" />
    </form>
  </article>
</div>
`;

exports[`test DomainSelector renders with populated fields 1`] = `
<div
  className="layout">
  <header>
    <h1>
      Digital Services
    </h1>
    <p>
      You will need to provide a day rate and case study for each.
    </p>
  </header>
  <article
    role="main">
    <form
      action={undefined}
      id="DomainSelector__create"
      method="post"
      onReset={[Function]}
      onSubmit={[Function]}>
      <input
        id="csrf_token"
        name="csrf_token"
        type="hidden"
        value="abc" />
      <fieldset
        className="field">
        <legend
          id="services"
          tabIndex={-1}>
          User research & design
        </legend>
        <div>
          <input
            checked={false}
            id="user-research"
            name="user-research"
            onBlur={[Function]}
            onChange={[Function]}
            onFocus={[Function]}
            onKeyPress={[Function]}
            type="checkbox"
            value="User research" />
          <label
            htmlFor="user-research">
            User research
          </label>
        </div>
        <div>
          <input
            checked={false}
            id="interaction-design"
            name="interaction-design"
            onBlur={[Function]}
            onChange={[Function]}
            onFocus={[Function]}
            onKeyPress={[Function]}
            type="checkbox"
            value="Interaction design" />
          <label
            htmlFor="interaction-design">
            Interaction design
          </label>
        </div>
        <div>
          <input
            checked={false}
            id="inclusive-design-accessibility-disabilty-minority-groups"
            name="inclusive-design-accessibility-disabilty-minority-groups"
            onBlur={[Function]}
            onChange={[Function]}
            onFocus={[Function]}
            onKeyPress={[Function]}
            type="checkbox"
            value="Inclusive design (Accessibility, disabilty & minority groups)" />
          <label
            htmlFor="inclusive-design-accessibility-disabilty-minority-groups">
            Inclusive design (Accessibility, disabilty & minority groups)
          </label>
        </div>
        <div>
          <input
            checked={false}
            id="service-design"
            name="service-design"
            onBlur={[Function]}
            onChange={[Function]}
            onFocus={[Function]}
            onKeyPress={[Function]}
            type="checkbox"
            value="Service design" />
          <label
            htmlFor="service-design">
            Service design
          </label>
        </div>
      </fieldset>
      <fieldset
        className="field">
        <legend>
          Content & publishing
        </legend>
        <div>
          <input
            checked={false}
            id="content-development-copywriting-translation-illustration-photography-video-and-animation"
            name="content-development-copywriting-translation-illustration-photography-video-and-animation"
            onBlur={[Function]}
            onChange={[Function]}
            onFocus={[Function]}
            onKeyPress={[Function]}
            type="checkbox"
            value="Content development (copywriting, translation, illustration, photography, video and animation)" />
          <label
            htmlFor="content-development-copywriting-translation-illustration-photography-video-and-animation">
            Content development (copywriting, translation, illustration, photography, video and animation)
          </label>
        </div>
      </fieldset>
      <fieldset
        className="field">
        <legend>
          Marketing, comms & engagement
        </legend>
        <div>
          <input
            checked={false}
            id="digital-marketing-eg-seo-branding-marketing-automation"
            name="digital-marketing-eg-seo-branding-marketing-automation"
            onBlur={[Function]}
            onChange={[Function]}
            onFocus={[Function]}
            onKeyPress={[Function]}
            type="checkbox"
            value="Digital marketing (eg SEO, branding & marketing automation)" />
          <label
            htmlFor="digital-marketing-eg-seo-branding-marketing-automation">
            Digital marketing (eg SEO, branding & marketing automation)
          </label>
        </div>
        <div>
          <input
            checked={false}
            id="community-engagement-eg-social-media-events"
            name="community-engagement-eg-social-media-events"
            onBlur={[Function]}
            onChange={[Function]}
            onFocus={[Function]}
            onKeyPress={[Function]}
            type="checkbox"
            value="Community engagement (eg social media & events)" />
          <label
            htmlFor="community-engagement-eg-social-media-events">
            Community engagement (eg social media & events)
          </label>
        </div>
      </fieldset>
      <fieldset
        className="field">
        <legend>
          Engineering & Development
        </legend>
        <div>
          <input
            checked={false}
            id="architecture"
            name="architecture"
            onBlur={[Function]}
            onChange={[Function]}
            onFocus={[Function]}
            onKeyPress={[Function]}
            type="checkbox"
            value="Architecture" />
          <label
            htmlFor="architecture">
            Architecture
          </label>
        </div>
        <div>
          <input
            checked={false}
            id="technical-leadership"
            name="technical-leadership"
            onBlur={[Function]}
            onChange={[Function]}
            onFocus={[Function]}
            onKeyPress={[Function]}
            type="checkbox"
            value="Technical leadership" />
          <label
            htmlFor="technical-leadership">
            Technical leadership
          </label>
        </div>
        <div>
          <input
            checked={false}
            id="web-devops-engineering"
            name="web-devops-engineering"
            onBlur={[Function]}
            onChange={[Function]}
            onFocus={[Function]}
            onKeyPress={[Function]}
            type="checkbox"
            value="Web Devops Engineering" />
          <label
            htmlFor="web-devops-engineering">
            Web Devops Engineering
          </label>
        </div>
        <div>
          <input
            checked={false}
            id="development"
            name="development"
            onBlur={[Function]}
            onChange={[Function]}
            onFocus={[Function]}
            onKeyPress={[Function]}
            type="checkbox"
            value="Development" />
          <label
            htmlFor="development">
            Development
          </label>
        </div>
        <div>
          <input
            checked={false}
            id="quality-assurance"
            name="quality-assurance"
            onBlur={[Function]}
            onChange={[Function]}
            onFocus={[Function]}
            onKeyPress={[Function]}
            type="checkbox"
            value="Quality Assurance" />
          <label
            htmlFor="quality-assurance">
            Quality Assurance
          </label>
        </div>
      </fieldset>
      <fieldset
        className="field">
        <legend>
          Emerging technology
        </legend>
        <div>
          <input
            checked={false}
            id="emerging-technology"
            name="emerging-technology"
            onBlur={[Function]}
            onChange={[Function]}
            onFocus={[Function]}
            onKeyPress={[Function]}
            type="checkbox"
            value="Emerging technology" />
          <label
            htmlFor="emerging-technology">
            Emerging technology
          </label>
        </div>
      </fieldset>
      <fieldset
        className="field">
        <legend>
          Data & Analytics
        </legend>
        <div>
          <input
            checked={false}
            id="data-science"
            name="data-science"
            onBlur={[Function]}
            onChange={[Function]}
            onFocus={[Function]}
            onKeyPress={[Function]}
            type="checkbox"
            value="Data science" />
          <label
            htmlFor="data-science">
            Data science
          </label>
        </div>
        <div>
          <input
            checked={false}
            id="performance-web-analysis"
            name="performance-web-analysis"
            onBlur={[Function]}
            onChange={[Function]}
            onFocus={[Function]}
            onKeyPress={[Function]}
            type="checkbox"
            value="Performance & web analysis" />
          <label
            htmlFor="performance-web-analysis">
            Performance & web analysis
          </label>
        </div>
      </fieldset>
      <fieldset
        className="field">
        <legend>
          Cyber security
        </legend>
        <div>
          <input
            checked={false}
            id="ethical-hacker"
            name="ethical-hacker"
            onBlur={[Function]}
            onChange={[Function]}
            onFocus={[Function]}
            onKeyPress={[Function]}
            type="checkbox"
            value="Ethical Hacker" />
          <label
            htmlFor="ethical-hacker">
            Ethical Hacker
          </label>
        </div>
      </fieldset>
      <fieldset
        className="field">
        <legend>
          Strategy, delivery & governance
        </legend>
        <div>
          <input
            checked={false}
            id="business-analysis"
            name="business-analysis"
            onBlur={[Function]}
            onChange={[Function]}
            onFocus={[Function]}
            onKeyPress={[Function]}
            type="checkbox"
            value="Business analysis" />
          <label
            htmlFor="business-analysis">
            Business analysis
          </label>
        </div>
        <div>
          <input
            checked={false}
            id="product-management"
            name="product-management"
            onBlur={[Function]}
            onChange={[Function]}
            onFocus={[Function]}
            onKeyPress={[Function]}
            type="checkbox"
            value="Product management" />
          <label
            htmlFor="product-management">
            Product management
          </label>
        </div>
        <div>
          <input
            checked={false}
            id="delivery-management"
            name="delivery-management"
            onBlur={[Function]}
            onChange={[Function]}
            onFocus={[Function]}
            onKeyPress={[Function]}
            type="checkbox"
            value="Delivery management" />
          <label
            htmlFor="delivery-management">
            Delivery management
          </label>
        </div>
      </fieldset>
      <fieldset
        className="field">
        <legend>
          Operations
        </legend>
        <div>
          <input
            checked={false}
            id="business-operations"
            name="business-operations"
            onBlur={[Function]}
            onChange={[Function]}
            onFocus={[Function]}
            onKeyPress={[Function]}
            type="checkbox"
            value="Business operations" />
          <label
            htmlFor="business-operations">
            Business operations
          </label>
        </div>
        <div>
          <input
            checked={false}
            id="tech-support"
            name="tech-support"
            onBlur={[Function]}
            onChange={[Function]}
            onFocus={[Function]}
            onKeyPress={[Function]}
            type="checkbox"
            value="Tech support" />
          <label
            htmlFor="tech-support">
            Tech support
          </label>
        </div>
      </fieldset>
      <fieldset
        className="field">
        <legend>
          Change & transformation
        </legend>
        <div>
          <input
            checked={false}
            id="digital-transformation-advice"
            name="digital-transformation-advice"
            onBlur={[Function]}
            onChange={[Function]}
            onFocus={[Function]}
            onKeyPress={[Function]}
            type="checkbox"
            value="Digital Transformation Advice" />
          <label
            htmlFor="digital-transformation-advice">
            Digital Transformation Advice
          </label>
        </div>
        <div>
          <input
            checked={false}
            id="agile-coaching"
            name="agile-coaching"
            onBlur={[Function]}
            onChange={[Function]}
            onFocus={[Function]}
            onKeyPress={[Function]}
            type="checkbox"
            value="Agile coaching" />
          <label
            htmlFor="agile-coaching">
            Agile coaching
          </label>
        </div>
      </fieldset>
      <fieldset
        className="field">
        <legend>
          Legal & Policy
        </legend>
        <div>
          <input
            checked={false}
            id="legal-counsel"
            name="legal-counsel"
            onBlur={[Function]}
            onChange={[Function]}
            onFocus={[Function]}
            onKeyPress={[Function]}
            type="checkbox"
            value="Legal counsel" />
          <label
            htmlFor="legal-counsel">
            Legal counsel
          </label>
        </div>
      </fieldset>
      <input
        role="button"
        type="submit"
        value="Save &amp; Continue" />
    </form>
  </article>
</div>
`;
