exports[`test DomainSelector renders 1`] = `
<div
  className="layout">
  <header>
    <h1
      tabIndex="-1">
      What services will you offer? 
    </h1>
    <p>
       Select the digital services you’ll provide. You’ll need to provide a case study for each as evidence for 
      <a
        href="/evaluation-criteria"
        rel="external"
        target="_blank">
        evaluation
      </a>
    </p>
  </header>
  <article
    role="main">
    <form
      action={undefined}
      id="DomainSelector__create"
      method="post"
      onReset={[Function]}
      onSubmit={[Function]}>
      <input
        id="csrf_token"
        name="csrf_token"
        type="hidden"
        value="abc" />
      <fieldset
        className="field">
        <div>
          <input
            checked={false}
            id="change-training-and-transformation"
            name="change-training-and-transformation"
            onBlur={[Function]}
            onChange={[Function]}
            onFocus={[Function]}
            onKeyPress={[Function]}
            type="checkbox"
            value="Change, training and transformation" />
          <label
            htmlFor="change-training-and-transformation">
            Change, training and transformation
             
            <p>
              Includes services that assess, train and embed behaviours for iterating digital government services.  Examples include digital transformation advice, agile coaching, change management, training, capability uplift and Digital Service Standard assessment.
            </p>
          </label>
        </div>
        <div>
          <input
            checked={false}
            id="content-and-publishing"
            name="content-and-publishing"
            onBlur={[Function]}
            onChange={[Function]}
            onFocus={[Function]}
            onKeyPress={[Function]}
            type="checkbox"
            value="Content and publishing" />
          <label
            htmlFor="content-and-publishing">
            Content and publishing
             
            <p>
              Any service that provides or manages government content.  Examples include content design, strategy and marketing.
            </p>
          </label>
        </div>
        <div>
          <input
            checked={false}
            id="cyber-security"
            name="cyber-security"
            onBlur={[Function]}
            onChange={[Function]}
            onFocus={[Function]}
            onKeyPress={[Function]}
            type="checkbox"
            value="Cyber security" />
          <label
            htmlFor="cyber-security">
            Cyber security
             
            <p>
              Cyber security protects the Australian government and its citizens’ interests online.  Examples include information security, assessments, ethical hacking, penetration testing, monitoring, incidence response, ISM advisory, data privacy and digital forensics.
            </p>
          </label>
        </div>
        <div>
          <input
            checked={false}
            id="data-science"
            name="data-science"
            onBlur={[Function]}
            onChange={[Function]}
            onFocus={[Function]}
            onKeyPress={[Function]}
            type="checkbox"
            value="Data science" />
          <label
            htmlFor="data-science">
            Data science
             
            <p>
              Data science brings analytical rigour and statistical methods to measure quality, improve service and model behaviour.
            </p>
          </label>
        </div>
        <div>
          <input
            checked={false}
            id="emerging-technology"
            name="emerging-technology"
            onBlur={[Function]}
            onChange={[Function]}
            onFocus={[Function]}
            onKeyPress={[Function]}
            type="checkbox"
            value="Emerging technology" />
          <label
            htmlFor="emerging-technology">
            Emerging technology
             
            <p>
              Emerging technologists develop and adapt ideas and technology for commercial application.  Example technologies include artificial intelligence, robotics, wearables and virtual reality.
            </p>
          </label>
        </div>
        <div>
          <input
            checked={false}
            id="engineering-and-development"
            name="engineering-and-development"
            onBlur={[Function]}
            onChange={[Function]}
            onFocus={[Function]}
            onKeyPress={[Function]}
            type="checkbox"
            value="Engineering and development" />
          <label
            htmlFor="engineering-and-development">
            Engineering and development
             
            <p>
              Such as technical architecture, technical leadership, engineering, devops, continuous delivery, software development, testing and quality assurance and cloud computing.
            </p>
          </label>
        </div>
        <div>
          <input
            checked={false}
            id="legal-and-policy"
            name="legal-and-policy"
            onBlur={[Function]}
            onChange={[Function]}
            onFocus={[Function]}
            onKeyPress={[Function]}
            type="checkbox"
            value="Legal and policy" />
          <label
            htmlFor="legal-and-policy">
            Legal and policy
             
            <p>
              Providing legal and policy advice for delivering digital services.
            </p>
          </label>
        </div>
        <div>
          <input
            checked={false}
            id="marketing-communications-and-engagement"
            name="marketing-communications-and-engagement"
            onBlur={[Function]}
            onChange={[Function]}
            onFocus={[Function]}
            onKeyPress={[Function]}
            type="checkbox"
            value="Marketing, communications and engagement" />
          <label
            htmlFor="marketing-communications-and-engagement">
            Marketing, communications and engagement
             
            <p>
              Drive awareness, adoption and embedded use of a digital service.
            </p>
          </label>
        </div>
        <div>
          <input
            checked={false}
            id="operations"
            name="operations"
            onBlur={[Function]}
            onChange={[Function]}
            onFocus={[Function]}
            onKeyPress={[Function]}
            type="checkbox"
            value="Operations" />
          <label
            htmlFor="operations">
            Operations
             
            <p>
              Such as admin, ops, data entry and tech support.
            </p>
          </label>
        </div>
        <div>
          <input
            checked={false}
            id="performance-and-web-analytics"
            name="performance-and-web-analytics"
            onBlur={[Function]}
            onChange={[Function]}
            onFocus={[Function]}
            onKeyPress={[Function]}
            type="checkbox"
            value="Performance and web analytics" />
          <label
            htmlFor="performance-and-web-analytics">
            Performance and web analytics
             
            <p>
              Specify, collect and present the key performance data and analysis for a government service.
            </p>
          </label>
        </div>
        <div>
          <input
            checked={false}
            id="recruitment"
            name="recruitment"
            onBlur={[Function]}
            onChange={[Function]}
            onFocus={[Function]}
            onKeyPress={[Function]}
            type="checkbox"
            value="Recruitment" />
          <label
            htmlFor="recruitment">
            Recruitment
             
            <p>
              Provides recruitment of digital specialists.
            </p>
          </label>
        </div>
        <div>
          <input
            checked={false}
            id="strategy-delivery-and-governance"
            name="strategy-delivery-and-governance"
            onBlur={[Function]}
            onChange={[Function]}
            onFocus={[Function]}
            onKeyPress={[Function]}
            type="checkbox"
            value="Strategy, delivery and governance" />
          <label
            htmlFor="strategy-delivery-and-governance">
            Strategy, delivery and governance
             
            <p>
              Responsible for the strategic direction and delivery of a digital service or product.  Such as business analysis, product management and delivery management.
            </p>
          </label>
        </div>
        <div>
          <input
            checked={false}
            id="user-research-and-design"
            name="user-research-and-design"
            onBlur={[Function]}
            onChange={[Function]}
            onFocus={[Function]}
            onKeyPress={[Function]}
            type="checkbox"
            value="User research and design" />
          <label
            htmlFor="user-research-and-design">
            User research and design
             
            <p>
              Activites relating to the research and design of a service used by the entire population.  Such as user research, interaction, inclusive, and service design, participant recruitment and usability testing services.
            </p>
          </label>
        </div>
      </fieldset>
      <input
        role="button"
        type="submit"
        value="Save and continue" />
    </form>
  </article>
</div>
`;

exports[`test DomainSelector renders with populated fields 1`] = `
<div
  className="layout">
  <header>
    <h1
      tabIndex="-1">
      What services will you offer? 
    </h1>
    <p>
       Select the digital services you’ll provide. You’ll need to provide a case study for each as evidence for 
      <a
        href="/evaluation-criteria"
        rel="external"
        target="_blank">
        evaluation
      </a>
    </p>
  </header>
  <article
    role="main">
    <form
      action={undefined}
      id="DomainSelector__create"
      method="post"
      onReset={[Function]}
      onSubmit={[Function]}>
      <input
        id="csrf_token"
        name="csrf_token"
        type="hidden"
        value="abc" />
      <fieldset
        className="field">
        <div>
          <input
            checked={false}
            id="change-training-and-transformation"
            name="change-training-and-transformation"
            onBlur={[Function]}
            onChange={[Function]}
            onFocus={[Function]}
            onKeyPress={[Function]}
            type="checkbox"
            value="Change, training and transformation" />
          <label
            htmlFor="change-training-and-transformation">
            Change, training and transformation
             
            <p>
              Includes services that assess, train and embed behaviours for iterating digital government services.  Examples include digital transformation advice, agile coaching, change management, training, capability uplift and Digital Service Standard assessment.
            </p>
          </label>
        </div>
        <div>
          <input
            checked={false}
            id="content-and-publishing"
            name="content-and-publishing"
            onBlur={[Function]}
            onChange={[Function]}
            onFocus={[Function]}
            onKeyPress={[Function]}
            type="checkbox"
            value="Content and publishing" />
          <label
            htmlFor="content-and-publishing">
            Content and publishing
             
            <p>
              Any service that provides or manages government content.  Examples include content design, strategy and marketing.
            </p>
          </label>
        </div>
        <div>
          <input
            checked={false}
            id="cyber-security"
            name="cyber-security"
            onBlur={[Function]}
            onChange={[Function]}
            onFocus={[Function]}
            onKeyPress={[Function]}
            type="checkbox"
            value="Cyber security" />
          <label
            htmlFor="cyber-security">
            Cyber security
             
            <p>
              Cyber security protects the Australian government and its citizens’ interests online.  Examples include information security, assessments, ethical hacking, penetration testing, monitoring, incidence response, ISM advisory, data privacy and digital forensics.
            </p>
          </label>
        </div>
        <div>
          <input
            checked={false}
            id="data-science"
            name="data-science"
            onBlur={[Function]}
            onChange={[Function]}
            onFocus={[Function]}
            onKeyPress={[Function]}
            type="checkbox"
            value="Data science" />
          <label
            htmlFor="data-science">
            Data science
             
            <p>
              Data science brings analytical rigour and statistical methods to measure quality, improve service and model behaviour.
            </p>
          </label>
        </div>
        <div>
          <input
            checked={false}
            id="emerging-technology"
            name="emerging-technology"
            onBlur={[Function]}
            onChange={[Function]}
            onFocus={[Function]}
            onKeyPress={[Function]}
            type="checkbox"
            value="Emerging technology" />
          <label
            htmlFor="emerging-technology">
            Emerging technology
             
            <p>
              Emerging technologists develop and adapt ideas and technology for commercial application.  Example technologies include artificial intelligence, robotics, wearables and virtual reality.
            </p>
          </label>
        </div>
        <div>
          <input
            checked={false}
            id="engineering-and-development"
            name="engineering-and-development"
            onBlur={[Function]}
            onChange={[Function]}
            onFocus={[Function]}
            onKeyPress={[Function]}
            type="checkbox"
            value="Engineering and development" />
          <label
            htmlFor="engineering-and-development">
            Engineering and development
             
            <p>
              Such as technical architecture, technical leadership, engineering, devops, continuous delivery, software development, testing and quality assurance and cloud computing.
            </p>
          </label>
        </div>
        <div>
          <input
            checked={false}
            id="legal-and-policy"
            name="legal-and-policy"
            onBlur={[Function]}
            onChange={[Function]}
            onFocus={[Function]}
            onKeyPress={[Function]}
            type="checkbox"
            value="Legal and policy" />
          <label
            htmlFor="legal-and-policy">
            Legal and policy
             
            <p>
              Providing legal and policy advice for delivering digital services.
            </p>
          </label>
        </div>
        <div>
          <input
            checked={false}
            id="marketing-communications-and-engagement"
            name="marketing-communications-and-engagement"
            onBlur={[Function]}
            onChange={[Function]}
            onFocus={[Function]}
            onKeyPress={[Function]}
            type="checkbox"
            value="Marketing, communications and engagement" />
          <label
            htmlFor="marketing-communications-and-engagement">
            Marketing, communications and engagement
             
            <p>
              Drive awareness, adoption and embedded use of a digital service.
            </p>
          </label>
        </div>
        <div>
          <input
            checked={false}
            id="operations"
            name="operations"
            onBlur={[Function]}
            onChange={[Function]}
            onFocus={[Function]}
            onKeyPress={[Function]}
            type="checkbox"
            value="Operations" />
          <label
            htmlFor="operations">
            Operations
             
            <p>
              Such as admin, ops, data entry and tech support.
            </p>
          </label>
        </div>
        <div>
          <input
            checked={false}
            id="performance-and-web-analytics"
            name="performance-and-web-analytics"
            onBlur={[Function]}
            onChange={[Function]}
            onFocus={[Function]}
            onKeyPress={[Function]}
            type="checkbox"
            value="Performance and web analytics" />
          <label
            htmlFor="performance-and-web-analytics">
            Performance and web analytics
             
            <p>
              Specify, collect and present the key performance data and analysis for a government service.
            </p>
          </label>
        </div>
        <div>
          <input
            checked={false}
            id="recruitment"
            name="recruitment"
            onBlur={[Function]}
            onChange={[Function]}
            onFocus={[Function]}
            onKeyPress={[Function]}
            type="checkbox"
            value="Recruitment" />
          <label
            htmlFor="recruitment">
            Recruitment
             
            <p>
              Provides recruitment of digital specialists.
            </p>
          </label>
        </div>
        <div>
          <input
            checked={false}
            id="strategy-delivery-and-governance"
            name="strategy-delivery-and-governance"
            onBlur={[Function]}
            onChange={[Function]}
            onFocus={[Function]}
            onKeyPress={[Function]}
            type="checkbox"
            value="Strategy, delivery and governance" />
          <label
            htmlFor="strategy-delivery-and-governance">
            Strategy, delivery and governance
             
            <p>
              Responsible for the strategic direction and delivery of a digital service or product.  Such as business analysis, product management and delivery management.
            </p>
          </label>
        </div>
        <div>
          <input
            checked={false}
            id="user-research-and-design"
            name="user-research-and-design"
            onBlur={[Function]}
            onChange={[Function]}
            onFocus={[Function]}
            onKeyPress={[Function]}
            type="checkbox"
            value="User research and design" />
          <label
            htmlFor="user-research-and-design">
            User research and design
             
            <p>
              Activites relating to the research and design of a service used by the entire population.  Such as user research, interaction, inclusive, and service design, participant recruitment and usability testing services.
            </p>
          </label>
        </div>
      </fieldset>
      <input
        role="button"
        type="submit"
        value="Save and continue" />
    </form>
  </article>
</div>
`;
