// Jest Snapshot v1, https://goo.gl/fbAQLP

exports[`ProjectViewWidget renders without errrors 1`] = `
<section
  id="project__ProjectView"
>
  <header
    className="row"
  >
    <div
      className="col-xs-12"
    >
      <h1
        tabIndex="-1"
      />
    </div>
    <div
      className="meta col-xs-12"
    >
      <div
        className="row"
      >
        <div
          className="col-xs-12 col-sm-7"
        >
          <p>
            by 
          </p>
        </div>
      </div>
    </div>
  </header>
  <div
    className="row"
  >
    <article
      className="col-sm-9 col-xs-12"
      role="main"
    >
      <section>
        <h2>
          Council service
        </h2>
        <p
          className="freetext"
        />
      </section>
      <section>
        <h2>
          Project Stage
        </h2>
        <p
          className="freetext"
        />
      </section>
      <section>
        <h2>
          Aim
        </h2>
        <p
          className="freetext"
        />
      </section>
      <section>
        <h2>
          How it ran
        </h2>
        <p
          className="freetext"
        />
      </section>
      <section>
        <h2>
          Outcomes and benefits
        </h2>
        <ul />
      </section>
      <div
        className="project__actions"
      />
    </article>
    <aside
      className="col-sm-3 col-xs-12"
    >
      <div
        styleName="tile"
      >
        <span />
        <b />
        <a
          href="mailto:undefined"
          role="button"
        >
          Email organiser
        </a>
      </div>
    </aside>
  </div>
</section>
`;
