// Jest Snapshot v1, https://goo.gl/fbAQLP

exports[`RevertedNotificationForm with required attributes 1`] = `
<form>
  <label
    htmlFor="formHeading"
  >
    <h3>
      Revert application with optional email to seller
    </h3>
    <b>
      Provide a short clear reason, starting with a hyphen. Eg "- ABN missing a digit"
    </b>
    <textarea
      onChange={[Function]}
      value="Thanks for applying to join the Digital Marketplace. We’ve reviewed your application and require more detail or changes to your profile:

- 

To update your profile:

- access [Digital Marketplace](https://marketplace.service.gov.au) and sign in
- update your profile as advised
- resubmit your application for review

We recommend you read our support guides on seller profiles and case studies:

- read the useful [Seller guide and FAQs](https://marketplace1.zendesk.com/hc/en-gb/categories/115001540368-Seller-guide-and-FAQs)
- see the digital [areas of expertise](https://marketplace1.zendesk.com/hc/en-gb/articles/115011258607) in the marketplace
- understand the relevant [assessment criteria](https://marketplace1.zendesk.com/hc/en-gb/articles/333757011655-Assessment-criteria) for each area of expertise you nominate
- create a compelling [case study](https://marketplace1.zendesk.com/hc/en-gb/articles/115011407668-Adding-case-studies) to showcase your digital expertise

Once you’ve resubmitted your profile updates, we’ll review it again and advise you via email. 

Thanks,

The Digital Marketplace team

Digital Marketplace [https://marketplace.service.gov.au](https://marketplace.service.gov.au)  
Digital Transformation Agency (DTA) [https://www.dta.gov.au](https://www.dta.gov.au)

[Terms of Use](https://marketplace.service.gov.au/terms-of-use) | [Privacy](https://marketplace.service.gov.au/privacy-policy) | [Copyright](https://marketplace.service.gov.au/copyright)"
    />
  </label>
  <div
    styleName="form-button-group"
  >
    <div
      styleName="form-button-wrapper"
    >
      <button
        onClick={[Function]}
        style={
          Object {
            "width": "200px",
          }
        }
        type="button"
      >
        Revert & Send Email
      </button>
    </div>
    <div
      styleName="form-button-wrapper"
    >
      <button
        onClick={[Function]}
        style={
          Object {
            "width": "200px",
          }
        }
        type="button"
      >
        Revert Without Email
      </button>
    </div>
  </div>
  <a
    className="button"
    onClick={[Function]}
    onKeyUp={[Function]}
    styleName="close-modal-prompt"
    tabIndex="0"
  >
    close
  </a>
</form>
`;
